---
source: tests/smoke_test.rs
expression: "test_policy(\"test-yaml\", None).await.expect(\"error in test suite\")"
---
- result:
    is_valid: false
    is_valid_1: true
    marshal: "foo: bar\nnum: 1\n"
    unmarshal:
      foo: bar
      num: 1
      num2: 2

